****************************************
Report : power
        -significant_digits 2
Design : top
Version: S-2021.06-SP5-1
Date   : Wed Dec 10 12:55:44 2025
****************************************
Information: Activity propagation will be performed for scenario func_fast.
Information: Doing activity propagation for mode 'func' and corner 'fast' with effort level 'medium'. (POW-024)
Information: Timer-derived activity data is cached on scenario func_fast (POW-052)
Infomation: Fast mode activity propagation power.rtl_activity_annotation setup is ignored. Always use accurate mode.
Information: Running switching activity propagation with 4 threads!

 **** Information : No. of simulation cycles = 6 ****
Information: The stitching and editing of coupling caps is turned OFF for design 'libraryname:top.design'. (TIM-125)
Information: Design top has 1533 nets, 0 global routed, 1531 detail routed. (NEX-024)
Warning: Technology layer 'M4' setting 'pitch' is not valid (NEX-001)
Warning: Technology layer 'MRDL' setting 'pitch' is not valid (NEX-001)
Information: The RC mode used is DR for design 'top'. (NEX-022)
---extraction options---
Corner: slow
Corner: fast
Global options:
 reference_direction       : use_from_tluplus
 real_metalfill_extraction : none
 virtual_shield_extraction : true
---app options---
 host.max_cores                   : 4
 extract.connect_open           : true
 extract.incremental_extraction : true
 extract.enable_coupling_cap    : false
Extracting design: top 
Information: coupling capacitance is lumped to ground. (NEX-030)
Information: 1531 nets are successfully extracted. (NEX-028)
Warning: Advanced receiver model has not been enabled for detailed routed design. (TIM-204)
Information: Update timing completed net estimation for all the timing graph nets (TIM-111)
Information: Net estimation statistics: timing graph nets = 1531, routed nets = 1531, across physical hierarchy nets = 0, parasitics cached nets = 1531, delay annotated nets = 0, parasitics annotated nets = 0, multi-voltage nets = 0. (TIM-112)
Mode: func
Corner: fast
Scenario: func_fast
Voltage: 0.88
Temperature: 125.00

Voltage Unit         : 1V
Capacitance Unit     : 1fF
Time Unit            : 1ns
Temperature Unit     : 1C
Dynamic Power Unit   : 1pW
Leakage Power Unit   : 1pW

Switched supply net power scaling:
scaling for leakage power

Supply nets:
VDD (power) probability 1.00 (default)
VSS (ground) probability 1.00 (default)
Warning: Power table extrapolation (extrapolation mode) for port X on cell ZCTSBUF_1500_78 for parameter Tinp. Lowest table value = 0.003000, highest table value = 0.133000, value = 0.002327 (POW-046)
Warning: Power table extrapolation (extrapolation mode) for port X on cell ZCTSBUF_2915_80 for parameter Tinp. Lowest table value = 0.003000, highest table value = 0.133000, value = 0.002117 (POW-046)
Warning: Power table extrapolation (extrapolation mode) for port D on cell pe_u/pe0/Rpipe_reg[7] for parameter Tinp. Lowest table value = 0.003000, highest table value = 0.133000, value = 0.000343 (POW-046)
Warning: Power table extrapolation (extrapolation mode) for port CK on cell pe_u/pe0/Rpipe_reg[7] for parameter Tinp. Lowest table value = 0.003000, highest table value = 0.133000, value = 0.002003 (POW-046)
Warning: Power table extrapolation (extrapolation mode) for port Q on cell pe_u/pe0/Rpipe_reg[7] for parameter Tinp. Lowest table value = 0.003000, highest table value = 0.133000, value = 0.002003 (POW-046)
Warning: Power table extrapolation (extrapolation mode) for port QN on cell pe_u/pe0/Rpipe_reg[7] for parameter Tinp. Lowest table value = 0.003000, highest table value = 0.133000, value = 0.002003 (POW-046)
Warning: Power table extrapolation (extrapolation mode) for port QN on cell pe_u/pe0/Rpipe_reg[7] for parameter Cout. Lowest table value = 0.000150, highest table value = 0.027650, value = 0.000000 (POW-046)
Warning: Power table extrapolation (extrapolation mode) for port SI on cell ctl_u/count_reg[0] for parameter Tinp. Lowest table value = 0.003000, highest table value = 0.133000, value = 0.000572 (POW-046)
Warning: Power table extrapolation (extrapolation mode) for port CK on cell ctl_u/count_reg[0] for parameter Tinp. Lowest table value = 0.003000, highest table value = 0.133000, value = 0.002327 (POW-046)
Warning: Power table extrapolation (extrapolation mode) for port Q on cell ctl_u/count_reg[0] for parameter Tinp. Lowest table value = 0.003000, highest table value = 0.133000, value = 0.002327 (POW-046)
Note - message 'POW-046' limit (10) exceeded. Remainder will be suppressed.
Warning: Fall toggles on pin ctl_u/count_reg[10]/QN are impossible given input states; converted to rise toggles. (POW-069)
Warning: Fall toggles on pin ctl_u/count_reg[12]/QN are impossible given input states; converted to rise toggles. (POW-069)

  Cell Internal Power    = 8.36e+07 pW ( 61.5%)
  Net Switching Power    = 5.22e+07 pW ( 38.5%)
Total Dynamic Power      = 1.36e+08 pW (100.0%)

Cell Leakage Power       = 2.89e+07 pW


  Attributes
  ----------
      u  -  User defined power group
      i  -  Includes clock pin internal power

Power Group         Internal Power        Switching Power          Leakage Power            Total Power    (   %  )    Attrs
-----------------------------------------------------------------------------------------------------------------------------
io_pad                    0.00e+00               0.00e+00               0.00e+00               0.00e+00    (  0.0%)         
memory                    0.00e+00               0.00e+00               0.00e+00               0.00e+00    (  0.0%)         
black_box                 0.00e+00               0.00e+00               0.00e+00               0.00e+00    (  0.0%)         
clock_network             6.45e+07               2.37e+07               4.31e+05               8.87e+07    ( 53.8%)        i
register                  7.99e+06               5.39e+06               1.25e+07               2.59e+07    ( 15.7%)         
sequential                0.00e+00               0.00e+00               0.00e+00               0.00e+00    (  0.0%)         
combinational             1.11e+07               2.31e+07               1.60e+07               5.02e+07    ( 30.5%)         
-----------------------------------------------------------------------------------------------------------------------------
Total                     8.36e+07 pW            5.22e+07 pW            2.89e+07 pW            1.65e+08 pW
1
