Information: Using automatic min wire load selection group 'predcaps'. (ENV-003)
Information: Using automatic max wire load selection group 'predcaps'. (ENV-003)
Information: Using automatic min wire load selection group 'predcaps'. (ENV-003)
Information: Building multi voltage information for entire design. (MV-022)
Warning: Some timing arcs have been disabled for breaking timing loops or because of constant propagation. Use the 'report_disable_timing' command to get the list of these disabled timing arcs. (PTE-003)
Warning: An extrapolation exceeding 80% of the library characterization range has been detected. The delay calculation accuracy may be affected. for the cell timing arc, (saed14rvt_ff0p88v125c/SAEDRVT14_AO22_0P5) pe_u/pe0/U15/A1-->X (min positive_unate) [r/f slew = 0.000574057/0.000567401, lib_range = [0.003 0.133]/[0.003 0.133] (nS)] (RC-011)
Warning: An extrapolation exceeding 80% of the library characterization range has been detected. The delay calculation accuracy may be affected. for the cell timing arc, (saed14rvt_ff0p88v125c/SAEDRVT14_AO22_0P5) pe_u/pe0/U15/A1-->X (min positive_unate) [r/f slew = 0.000574057/0.000567401, lib_range = [0.003 0.133]/[0.003 0.133] (nS)] (RC-011)
Warning: An extrapolation exceeding 80% of the library characterization range has been detected. The delay calculation accuracy may be affected. for the cell timing arc, (saed14rvt_ff0p88v125c/SAEDRVT14_AO22_0P5) pe_u/pe0/U15/A1-->X (min positive_unate) [r/f slew = 0.000574057/0.000567401, lib_range = [0.003 0.133]/[0.003 0.133] (nS)] (RC-011)
Warning: An extrapolation exceeding 80% of the library characterization range has been detected. The delay calculation accuracy may be affected. for the cell timing arc, (saed14hvt_ff0p88v125c/SAEDHVT14_NR2_MM_0P5) pe_u/pe0/sub_46/U2/A1-->X (max negative_unate) [r/f slew = 4.56418e-05/4.6751e-05, lib_range = [0.003 0.133]/[0.003 0.133] (nS)] (RC-011)
Warning: An extrapolation exceeding 80% of the library characterization range has been detected. The delay calculation accuracy may be affected. for the cell timing arc, (saed14rvt_ff0p88v125c/SAEDRVT14_EN2_0P5) pe_u/pe0/sub_46/U3/A2-->X (max positive_unate) [r/f slew = 4.67094e-05/4.56008e-05, lib_range = [0.003 0.133]/[0.003 0.133] (nS)] (RC-011)
Warning: An extrapolation exceeding 80% of the library characterization range has been detected. The delay calculation accuracy may be affected. for the cell timing arc, (saed14hvt_ff0p88v125c/SAEDHVT14_NR2_MM_0P5) pe_u/pe0/sub_46/U2/A1-->X (min negative_unate) [r/f slew = 4.29791e-05/4.29294e-05, lib_range = [0.003 0.133]/[0.003 0.133] (nS)] (RC-011)
Warning: An extrapolation exceeding 80% of the library characterization range has been detected. The delay calculation accuracy may be affected. for the cell timing arc, (saed14rvt_ff0p88v125c/SAEDRVT14_EN2_0P5) pe_u/pe0/sub_46/U3/A2-->X (min positive_unate) [r/f slew = 4.30451e-05/4.29388e-05, lib_range = [0.003 0.133]/[0.003 0.133] (nS)] (RC-011)
Warning: An extrapolation exceeding 80% of the library characterization range has been detected. The delay calculation accuracy may be affected. for the cell timing arc, (saed14rvt_ff0p88v125c/SAEDRVT14_EN2_0P5) pe_u/pe0/sub_46/U3/A2-->X (max negative_unate) [r/f slew = 4.56008e-05/4.67094e-05, lib_range = [0.003 0.133]/[0.003 0.133] (nS)] (RC-011)
Warning: An extrapolation exceeding 80% of the library characterization range has been detected. The delay calculation accuracy may be affected. for the cell timing arc, (saed14rvt_ff0p88v125c/SAEDRVT14_EN2_0P5) pe_u/pe0/sub_46/U3/A2-->X (min negative_unate) [r/f slew = 4.29388e-05/4.30451e-05, lib_range = [0.003 0.133]/[0.003 0.133] (nS)] (RC-011)
Warning: An extrapolation exceeding 10% of the library characterization range has been detected. The delay calculation accuracy may be affected. for the cell timing arc, (saed14rvt_ff0p88v125c/SAEDRVT14_ADDF_V1_0P5) ctl_u/add_123/U1_2/A-->S (max positive_unate) [fall slew = 0.351121, lib_range = [0.003 0.133](nS)] (RC-011)
Warning: An extrapolation exceeding 10% of the library characterization range has been detected. The delay calculation accuracy may be affected. for the cell timing arc, (saed14rvt_ff0p88v125c/SAEDRVT14_ADDF_V1_0P5) ctl_u/add_123/U1_2/A-->S (min positive_unate) [fall slew = 0.234839, lib_range = [0.003 0.133](nS)] (RC-011)
Warning: An extrapolation exceeding 10% of the library characterization range has been detected. The delay calculation accuracy may be affected. for the cell timing arc, (saed14rvt_ff0p88v125c/SAEDRVT14_ADDF_V1_0P5) ctl_u/add_123/U1_2/A-->S (max positive_unate) [fall slew = 0.351121, lib_range = [0.003 0.133](nS)] (RC-011)
Warning: An extrapolation exceeding 10% of the library characterization range has been detected. The delay calculation accuracy may be affected. for the cell timing arc, (saed14rvt_ff0p88v125c/SAEDRVT14_ADDF_V1_0P5) ctl_u/add_123/U1_2/A-->S (min positive_unate) [fall slew = 0.234839, lib_range = [0.003 0.133](nS)] (RC-011)
Warning: An extrapolation exceeding 10% of the library characterization range has been detected. The delay calculation accuracy may be affected. for the cell timing arc, (saed14rvt_ff0p88v125c/SAEDRVT14_ADDF_V1_0P5) ctl_u/add_123/U1_2/A-->S (max positive_unate) [fall slew = 0.351121, lib_range = [0.003 0.133](nS)] (RC-011)
Warning: An extrapolation exceeding 10% of the library characterization range has been detected. The delay calculation accuracy may be affected. for the cell timing arc, (saed14rvt_ff0p88v125c/SAEDRVT14_ADDF_V1_0P5) ctl_u/add_123/U1_2/A-->S (min positive_unate) [fall slew = 0.234839, lib_range = [0.003 0.133](nS)] (RC-011)
Warning: An extrapolation exceeding 10% of the library characterization range has been detected. The delay calculation accuracy may be affected. for the cell timing arc, (saed14rvt_ff0p88v125c/SAEDRVT14_ADDF_V1_0P5) ctl_u/add_123/U1_2/A-->S (max negative_unate) [rise slew = 0.351121, lib_range = [0.003 0.133](nS)] (RC-011)
Warning: An extrapolation exceeding 10% of the library characterization range has been detected. The delay calculation accuracy may be affected. for the cell timing arc, (saed14rvt_ff0p88v125c/SAEDRVT14_ADDF_V1_0P5) ctl_u/add_123/U1_2/A-->S (min negative_unate) [rise slew = 0.234839, lib_range = [0.003 0.133](nS)] (RC-011)
Warning: An extrapolation exceeding 10% of the library characterization range has been detected. The delay calculation accuracy may be affected. for the cell timing arc, (saed14rvt_ff0p88v125c/SAEDRVT14_ADDF_V1_0P5) ctl_u/add_123/U1_2/A-->S (max negative_unate) [rise slew = 0.351121, lib_range = [0.003 0.133](nS)] (RC-011)
Warning: An extrapolation exceeding 10% of the library characterization range has been detected. The delay calculation accuracy may be affected. for the cell timing arc, (saed14rvt_ff0p88v125c/SAEDRVT14_ADDF_V1_0P5) ctl_u/add_123/U1_2/A-->S (min negative_unate) [rise slew = 0.234839, lib_range = [0.003 0.133](nS)] (RC-011)
Warning: An extrapolation exceeding 10% of the library characterization range has been detected. The delay calculation accuracy may be affected. for the cell timing arc, (saed14rvt_ff0p88v125c/SAEDRVT14_ADDF_V1_0P5) ctl_u/add_123/U1_2/A-->S (max negative_unate) [rise slew = 0.351121, lib_range = [0.003 0.133](nS)] (RC-011)
Warning: An extrapolation exceeding 10% of the library characterization range has been detected. The delay calculation accuracy may be affected. for the cell timing arc, (saed14rvt_ff0p88v125c/SAEDRVT14_ADDF_V1_0P5) ctl_u/add_123/U1_2/A-->S (min negative_unate) [rise slew = 0.234839, lib_range = [0.003 0.133](nS)] (RC-011)
Warning: An extrapolation exceeding 80% of the library characterization range has been detected. The delay calculation accuracy may be affected. for the cell timing arc, (saed14rvt_ff0p88v125c/SAEDRVT14_AO22_0P75) pe_u/pe4/U15/A1-->X (max positive_unate) [r/f slew = 0.000581836/0.000582634, lib_range = [0.003 0.133]/[0.003 0.133] (nS)] (RC-011)
Warning: An extrapolation exceeding 80% of the library characterization range has been detected. The delay calculation accuracy may be affected. for the cell timing arc, (saed14rvt_ff0p88v125c/SAEDRVT14_AO22_0P75) pe_u/pe4/U15/A1-->X (min positive_unate) [r/f slew = 0.000545038/0.000538868, lib_range = [0.003 0.133]/[0.003 0.133] (nS)] (RC-011)
Warning: An extrapolation exceeding 80% of the library characterization range has been detected. The delay calculation accuracy may be affected. for the cell timing arc, (saed14rvt_ff0p88v125c/SAEDRVT14_AO22_0P75) pe_u/pe4/U22/A1-->X (max positive_unate) [r/f slew = 0.000556258/0.000556958, lib_range = [0.003 0.133]/[0.003 0.133] (nS)] (RC-011)
Warning: An extrapolation exceeding 80% of the library characterization range has been detected. The delay calculation accuracy may be affected. for the cell timing arc, (saed14rvt_ff0p88v125c/SAEDRVT14_AO22_0P75) pe_u/pe4/U15/A1-->X (max positive_unate) [r/f slew = 0.000581836/0.000582634, lib_range = [0.003 0.133]/[0.003 0.133] (nS)] (RC-011)
Warning: An extrapolation exceeding 80% of the library characterization range has been detected. The delay calculation accuracy may be affected. for the cell timing arc, (saed14rvt_ff0p88v125c/SAEDRVT14_AO22_0P75) pe_u/pe4/U22/A1-->X (min positive_unate) [r/f slew = 0.000523889/0.000518477, lib_range = [0.003 0.133]/[0.003 0.133] (nS)] (RC-011)
Warning: An extrapolation exceeding 80% of the library characterization range has been detected. The delay calculation accuracy may be affected. for the cell timing arc, (saed14rvt_ff0p88v125c/SAEDRVT14_AO22_0P75) pe_u/pe4/U15/A1-->X (min positive_unate) [r/f slew = 0.000545038/0.000538868, lib_range = [0.003 0.133]/[0.003 0.133] (nS)] (RC-011)
Warning: An extrapolation exceeding 80% of the library characterization range has been detected. The delay calculation accuracy may be affected. for the cell timing arc, (saed14rvt_ff0p88v125c/SAEDRVT14_AO22_0P75) pe_u/pe4/U22/A1-->X (max positive_unate) [r/f slew = 0.000556258/0.000556958, lib_range = [0.003 0.133]/[0.003 0.133] (nS)] (RC-011)
Warning: An extrapolation exceeding 80% of the library characterization range has been detected. The delay calculation accuracy may be affected. for the cell timing arc, (saed14rvt_ff0p88v125c/SAEDRVT14_AO22_0P75) pe_u/pe4/U15/A1-->X (max positive_unate) [r/f slew = 0.000581836/0.000582634, lib_range = [0.003 0.133]/[0.003 0.133] (nS)] (RC-011)
Warning: An extrapolation exceeding 80% of the library characterization range has been detected. The delay calculation accuracy may be affected. for the cell timing arc, (saed14rvt_ff0p88v125c/SAEDRVT14_AO22_0P75) pe_u/pe4/U22/A1-->X (min positive_unate) [r/f slew = 0.000523889/0.000518477, lib_range = [0.003 0.133]/[0.003 0.133] (nS)] (RC-011)
Warning: An extrapolation exceeding 80% of the library characterization range has been detected. The delay calculation accuracy may be affected. for the cell timing arc, (saed14rvt_ff0p88v125c/SAEDRVT14_AO22_0P75) pe_u/pe4/U15/A1-->X (min positive_unate) [r/f slew = 0.000545038/0.000538868, lib_range = [0.003 0.133]/[0.003 0.133] (nS)] (RC-011)
Warning: An extrapolation exceeding 80% of the library characterization range has been detected. The delay calculation accuracy may be affected. for the cell timing arc, (saed14rvt_ff0p88v125c/SAEDRVT14_AO22_0P75) pe_u/pe4/U22/A1-->X (max positive_unate) [r/f slew = 0.000556258/0.000556958, lib_range = [0.003 0.133]/[0.003 0.133] (nS)] (RC-011)
Warning: An extrapolation exceeding 80% of the library characterization range has been detected. The delay calculation accuracy may be affected. for the cell timing arc, (saed14rvt_ff0p88v125c/SAEDRVT14_AO22_0P75) pe_u/pe4/U15/A1-->X (max positive_unate) [r/f slew = 0.000581836/0.000582634, lib_range = [0.003 0.133]/[0.003 0.133] (nS)] (RC-011)
Warning: An extrapolation exceeding 80% of the library characterization range has been detected. The delay calculation accuracy may be affected. for the cell timing arc, (saed14rvt_ff0p88v125c/SAEDRVT14_AO22_0P75) pe_u/pe4/U22/A1-->X (min positive_unate) [r/f slew = 0.000523889/0.000518477, lib_range = [0.003 0.133]/[0.003 0.133] (nS)] (RC-011)
Warning: An extrapolation exceeding 80% of the library characterization range has been detected. The delay calculation accuracy may be affected. for the cell timing arc, (saed14rvt_ff0p88v125c/SAEDRVT14_AO22_0P75) pe_u/pe4/U15/A1-->X (min positive_unate) [r/f slew = 0.000545038/0.000538868, lib_range = [0.003 0.133]/[0.003 0.133] (nS)] (RC-011)
Warning: An extrapolation exceeding 80% of the library characterization range has been detected. The delay calculation accuracy may be affected. for the cell timing arc, (saed14rvt_ff0p88v125c/SAEDRVT14_AO22_0P75) pe_u/pe4/U22/A1-->X (max positive_unate) [r/f slew = 0.000556258/0.000556958, lib_range = [0.003 0.133]/[0.003 0.133] (nS)] (RC-011)
Warning: An extrapolation exceeding 80% of the library characterization range has been detected. The delay calculation accuracy may be affected. for the cell timing arc, (saed14rvt_ff0p88v125c/SAEDRVT14_AO22_0P75) pe_u/pe4/U22/A1-->X (min positive_unate) [r/f slew = 0.000523889/0.000518477, lib_range = [0.003 0.133]/[0.003 0.133] (nS)] (RC-011)
Warning: An extrapolation exceeding 10% of the library characterization range has been detected. The delay calculation accuracy may be affected. for the cell timing arc, (saed14rvt_ff0p88v125c/SAEDRVT14_ADDF_V1_0P5) ctl_u/add_123/U1_2/A-->CO (max positive_unate) [fall slew = 0.351121, lib_range = [0.003 0.133](nS)] (RC-011)
Warning: An extrapolation exceeding 10% of the library characterization range has been detected. The delay calculation accuracy may be affected. for the cell timing arc, (saed14rvt_ff0p88v125c/SAEDRVT14_ADDF_V1_0P5) ctl_u/add_123/U1_2/A-->CO (min positive_unate) [fall slew = 0.234839, lib_range = [0.003 0.133](nS)] (RC-011)
Warning: An extrapolation exceeding 10% of the library characterization range has been detected. The delay calculation accuracy may be affected. for the cell timing arc, (saed14rvt_ff0p88v125c/SAEDRVT14_ADDF_V1_0P5) ctl_u/add_123/U1_2/A-->CO (max positive_unate) [fall slew = 0.351121, lib_range = [0.003 0.133](nS)] (RC-011)
Warning: An extrapolation exceeding 10% of the library characterization range has been detected. The delay calculation accuracy may be affected. for the cell timing arc, (saed14rvt_ff0p88v125c/SAEDRVT14_ADDF_V1_0P5) ctl_u/add_123/U1_2/A-->CO (min positive_unate) [fall slew = 0.234839, lib_range = [0.003 0.133](nS)] (RC-011)
Warning: An extrapolation exceeding 10% of the library characterization range has been detected. The delay calculation accuracy may be affected. for the cell timing arc, (saed14rvt_ff0p88v125c/SAEDRVT14_ADDF_V1_0P5) ctl_u/add_123/U1_2/A-->CO (max positive_unate) [fall slew = 0.351121, lib_range = [0.003 0.133](nS)] (RC-011)
Warning: An extrapolation exceeding 10% of the library characterization range has been detected. The delay calculation accuracy may be affected. for the cell timing arc, (saed14rvt_ff0p88v125c/SAEDRVT14_ADDF_V1_0P5) ctl_u/add_123/U1_2/A-->CO (min positive_unate) [fall slew = 0.234839, lib_range = [0.003 0.133](nS)] (RC-011)
Warning: An extrapolation exceeding 10% of the library characterization range has been detected. The delay calculation accuracy may be affected. for the cell timing arc, (saed14rvt_ff0p88v125c/SAEDRVT14_EO2_V1_0P75) pe_u/pe0/add_52/U4/A2-->X (max positive_unate) [rise slew = 0.215959, lib_range = [0.003 0.133](nS)] (RC-011)
Warning: An extrapolation exceeding 10% of the library characterization range has been detected. The delay calculation accuracy may be affected. for the cell timing arc, (saed14hvt_ff0p88v125c/SAEDHVT14_ND2_MM_0P5) pe_u/pe0/add_52/ctmTdsLR_2_2614/A1-->X (max negative_unate) [fall slew = 0.215959, lib_range = [0.003 0.133](nS)] (RC-011)
Warning: An extrapolation exceeding 10% of the library characterization range has been detected. The delay calculation accuracy may be affected. for the cell timing arc, (saed14rvt_ff0p88v125c/SAEDRVT14_EO2_V1_0P75) pe_u/pe0/add_52/U4/A2-->X (max negative_unate) [fall slew = 0.215959, lib_range = [0.003 0.133](nS)] (RC-011)
Warning: An extrapolation exceeding 80% of the library characterization range has been detected. The delay calculation accuracy may be affected. for the cell timing arc, (saed14rvt_ff0p88v125c/SAEDRVT14_AO22_0P75) pe_u/pe5/U15/A1-->X (max positive_unate) [r/f slew = 0.00056426/0.000564974, lib_range = [0.003 0.133]/[0.003 0.133] (nS)] (RC-011)
Warning: An extrapolation exceeding 80% of the library characterization range has been detected. The delay calculation accuracy may be affected. for the cell timing arc, (saed14rvt_ff0p88v125c/SAEDRVT14_AO22_0P75) pe_u/pe5/U15/A1-->X (min positive_unate) [r/f slew = 0.000531367/0.000525854, lib_range = [0.003 0.133]/[0.003 0.133] (nS)] (RC-011)
Warning: An extrapolation exceeding 80% of the library characterization range has been detected. The delay calculation accuracy may be affected. for the cell timing arc, (saed14rvt_ff0p88v125c/SAEDRVT14_AO22_0P75) pe_u/pe5/U15/A1-->X (max positive_unate) [r/f slew = 0.00056426/0.000564974, lib_range = [0.003 0.133]/[0.003 0.133] (nS)] (RC-011)
Warning: An extrapolation exceeding 80% of the library characterization range has been detected. The delay calculation accuracy may be affected. for the cell timing arc, (saed14rvt_ff0p88v125c/SAEDRVT14_AO22_0P75) pe_u/pe5/U15/A1-->X (min positive_unate) [r/f slew = 0.000531367/0.000525854, lib_range = [0.003 0.133]/[0.003 0.133] (nS)] (RC-011)
Warning: An extrapolation exceeding 80% of the library characterization range has been detected. The delay calculation accuracy may be affected. for the cell timing arc, (saed14rvt_ff0p88v125c/SAEDRVT14_AO22_0P75) pe_u/pe5/U15/A1-->X (max positive_unate) [r/f slew = 0.00056426/0.000564974, lib_range = [0.003 0.133]/[0.003 0.133] (nS)] (RC-011)
Warning: An extrapolation exceeding 80% of the library characterization range has been detected. The delay calculation accuracy may be affected. for the cell timing arc, (saed14rvt_ff0p88v125c/SAEDRVT14_AO22_0P75) pe_u/pe5/U15/A1-->X (min positive_unate) [r/f slew = 0.000531367/0.000525854, lib_range = [0.003 0.133]/[0.003 0.133] (nS)] (RC-011)
Warning: An extrapolation exceeding 80% of the library characterization range has been detected. The delay calculation accuracy may be affected. for the cell timing arc, (saed14rvt_ff0p88v125c/SAEDRVT14_AO22_0P75) pe_u/pe5/U15/A1-->X (max positive_unate) [r/f slew = 0.00056426/0.000564974, lib_range = [0.003 0.133]/[0.003 0.133] (nS)] (RC-011)
Warning: An extrapolation exceeding 80% of the library characterization range has been detected. The delay calculation accuracy may be affected. for the cell timing arc, (saed14rvt_ff0p88v125c/SAEDRVT14_AO22_0P75) pe_u/pe5/U15/A1-->X (min positive_unate) [r/f slew = 0.000531367/0.000525854, lib_range = [0.003 0.133]/[0.003 0.133] (nS)] (RC-011)
Warning: An extrapolation exceeding 10% of the library characterization range has been detected. The delay calculation accuracy may be affected. for the cell timing arc, (saed14rvt_ff0p88v125c/SAEDRVT14_EO2_V1_0P75) pe_u/pe8/add_52/U4/A2-->X (max positive_unate) [rise slew = 0.153267, lib_range = [0.003 0.133](nS)] (RC-011)
Warning: An extrapolation exceeding 10% of the library characterization range has been detected. The delay calculation accuracy may be affected. for the cell timing arc, (saed14rvt_ff0p88v125c/SAEDRVT14_AN2_MM_0P5) pe_u/pe8/add_52/ctmTdsLR_1_39/A1-->X (max positive_unate) [rise slew = 0.153267, lib_range = [0.003 0.133](nS)] (RC-011)
Warning: An extrapolation exceeding 10% of the library characterization range has been detected. The delay calculation accuracy may be affected. for the cell timing arc, (saed14rvt_ff0p88v125c/SAEDRVT14_EO2_V1_0P75) pe_u/pe8/add_52/U4/A2-->X (max negative_unate) [fall slew = 0.153267, lib_range = [0.003 0.133](nS)] (RC-011)
Warning: An extrapolation exceeding 80% of the library characterization range has been detected. The delay calculation accuracy may be affected. for the cell timing arc, (saed14rvt_ff0p88v125c/SAEDRVT14_ADDF_V1_0P5) pe_u/pe0/sub_46/U2_1/A-->S (max positive_unate) [r/f slew = 2.30916e-05/2.25777e-05, lib_range = [0.003 0.133]/[0.003 0.133] (nS)] (RC-011)
Warning: An extrapolation exceeding 80% of the library characterization range has been detected. The delay calculation accuracy may be affected. for the cell timing arc, (saed14rvt_ff0p88v125c/SAEDRVT14_ADDF_V1_0P5) pe_u/pe0/sub_46/U2_1/A-->CO (max positive_unate) [r/f slew = 2.30916e-05/2.25777e-05, lib_range = [0.003 0.133]/[0.003 0.133] (nS)] (RC-011)
Warning: An extrapolation exceeding 80% of the library characterization range has been detected. The delay calculation accuracy may be affected. for the cell timing arc, (saed14rvt_ff0p88v125c/SAEDRVT14_ADDF_V1_0P5) pe_u/pe0/sub_46/U2_1/A-->S (min positive_unate) [r/f slew = 2.20487e-05/2.15994e-05, lib_range = [0.003 0.133]/[0.003 0.133] (nS)] (RC-011)
Warning: An extrapolation exceeding 80% of the library characterization range has been detected. The delay calculation accuracy may be affected. for the cell timing arc, (saed14rvt_ff0p88v125c/SAEDRVT14_ADDF_V1_0P5) pe_u/pe0/sub_46/U2_1/A-->S (max positive_unate) [r/f slew = 2.30916e-05/2.25777e-05, lib_range = [0.003 0.133]/[0.003 0.133] (nS)] (RC-011)
Warning: An extrapolation exceeding 80% of the library characterization range has been detected. The delay calculation accuracy may be affected. for the cell timing arc, (saed14rvt_ff0p88v125c/SAEDRVT14_ADDF_V1_0P5) pe_u/pe0/sub_46/U2_1/A-->CO (min positive_unate) [r/f slew = 2.20487e-05/2.15994e-05, lib_range = [0.003 0.133]/[0.003 0.133] (nS)] (RC-011)
Warning: An extrapolation exceeding 80% of the library characterization range has been detected. The delay calculation accuracy may be affected. for the cell timing arc, (saed14rvt_ff0p88v125c/SAEDRVT14_ADDF_V1_0P5) pe_u/pe0/sub_46/U2_1/A-->S (min positive_unate) [r/f slew = 2.20487e-05/2.15994e-05, lib_range = [0.003 0.133]/[0.003 0.133] (nS)] (RC-011)
Warning: An extrapolation exceeding 80% of the library characterization range has been detected. The delay calculation accuracy may be affected. for the cell timing arc, (saed14rvt_ff0p88v125c/SAEDRVT14_ADDF_V1_0P5) pe_u/pe0/sub_46/U2_1/A-->CO (max positive_unate) [r/f slew = 2.30916e-05/2.25777e-05, lib_range = [0.003 0.133]/[0.003 0.133] (nS)] (RC-011)
Warning: An extrapolation exceeding 80% of the library characterization range has been detected. The delay calculation accuracy may be affected. for the cell timing arc, (saed14rvt_ff0p88v125c/SAEDRVT14_ADDF_V1_0P5) pe_u/pe0/sub_46/U2_1/A-->S (max positive_unate) [r/f slew = 2.30916e-05/2.25777e-05, lib_range = [0.003 0.133]/[0.003 0.133] (nS)] (RC-011)
Warning: An extrapolation exceeding 80% of the library characterization range has been detected. The delay calculation accuracy may be affected. for the cell timing arc, (saed14rvt_ff0p88v125c/SAEDRVT14_ADDF_V1_0P5) pe_u/pe0/sub_46/U2_1/A-->CO (min positive_unate) [r/f slew = 2.20487e-05/2.15994e-05, lib_range = [0.003 0.133]/[0.003 0.133] (nS)] (RC-011)
Warning: An extrapolation exceeding 80% of the library characterization range has been detected. The delay calculation accuracy may be affected. for the cell timing arc, (saed14rvt_ff0p88v125c/SAEDRVT14_ADDF_V1_0P5) pe_u/pe0/sub_46/U2_1/A-->S (min positive_unate) [r/f slew = 2.20487e-05/2.15994e-05, lib_range = [0.003 0.133]/[0.003 0.133] (nS)] (RC-011)
Warning: An extrapolation exceeding 80% of the library characterization range has been detected. The delay calculation accuracy may be affected. for the cell timing arc, (saed14rvt_ff0p88v125c/SAEDRVT14_ADDF_V1_0P5) pe_u/pe0/sub_46/U2_1/A-->CO (max positive_unate) [r/f slew = 2.30916e-05/2.25777e-05, lib_range = [0.003 0.133]/[0.003 0.133] (nS)] (RC-011)
Warning: An extrapolation exceeding 80% of the library characterization range has been detected. The delay calculation accuracy may be affected. for the cell timing arc, (saed14rvt_ff0p88v125c/SAEDRVT14_ADDF_V1_0P5) pe_u/pe0/sub_46/U2_1/A-->S (max negative_unate) [r/f slew = 2.25777e-05/2.30916e-05, lib_range = [0.003 0.133]/[0.003 0.133] (nS)] (RC-011)
Warning: An extrapolation exceeding 80% of the library characterization range has been detected. The delay calculation accuracy may be affected. for the cell timing arc, (saed14rvt_ff0p88v125c/SAEDRVT14_ADDF_V1_0P5) pe_u/pe0/sub_46/U2_1/A-->CO (min positive_unate) [r/f slew = 2.20487e-05/2.15994e-05, lib_range = [0.003 0.133]/[0.003 0.133] (nS)] (RC-011)
Warning: An extrapolation exceeding 80% of the library characterization range has been detected. The delay calculation accuracy may be affected. for the cell timing arc, (saed14rvt_ff0p88v125c/SAEDRVT14_ADDF_V1_0P5) pe_u/pe0/sub_46/U2_1/A-->S (min negative_unate) [r/f slew = 2.15994e-05/2.20487e-05, lib_range = [0.003 0.133]/[0.003 0.133] (nS)] (RC-011)
Warning: An extrapolation exceeding 80% of the library characterization range has been detected. The delay calculation accuracy may be affected. for the cell timing arc, (saed14rvt_ff0p88v125c/SAEDRVT14_ADDF_V1_0P5) pe_u/pe0/sub_46/U2_1/A-->S (max negative_unate) [r/f slew = 2.25777e-05/2.30916e-05, lib_range = [0.003 0.133]/[0.003 0.133] (nS)] (RC-011)
Warning: An extrapolation exceeding 80% of the library characterization range has been detected. The delay calculation accuracy may be affected. for the cell timing arc, (saed14rvt_ff0p88v125c/SAEDRVT14_ADDF_V1_0P5) pe_u/pe0/sub_46/U2_1/A-->S (min negative_unate) [r/f slew = 2.15994e-05/2.20487e-05, lib_range = [0.003 0.133]/[0.003 0.133] (nS)] (RC-011)
Warning: An extrapolation exceeding 80% of the library characterization range has been detected. The delay calculation accuracy may be affected. for the cell timing arc, (saed14rvt_ff0p88v125c/SAEDRVT14_ADDF_V1_0P5) pe_u/pe0/sub_46/U2_1/A-->S (max negative_unate) [r/f slew = 2.25777e-05/2.30916e-05, lib_range = [0.003 0.133]/[0.003 0.133] (nS)] (RC-011)
Warning: An extrapolation exceeding 80% of the library characterization range has been detected. The delay calculation accuracy may be affected. for the cell timing arc, (saed14rvt_ff0p88v125c/SAEDRVT14_ADDF_V1_0P5) pe_u/pe0/sub_46/U2_1/A-->S (min negative_unate) [r/f slew = 2.15994e-05/2.20487e-05, lib_range = [0.003 0.133]/[0.003 0.133] (nS)] (RC-011)
Warning: An extrapolation exceeding 80% of the library characterization range has been detected. The delay calculation accuracy may be affected. for the cell timing arc, (saed14rvt_ff0p88v125c/SAEDRVT14_AO22_0P75) pe_u/pe3/U15/A1-->X (min positive_unate) [r/f slew = 0.000568279/0.000561588, lib_range = [0.003 0.133]/[0.003 0.133] (nS)] (RC-011)
Warning: An extrapolation exceeding 80% of the library characterization range has been detected. The delay calculation accuracy may be affected. for the cell timing arc, (saed14rvt_ff0p88v125c/SAEDRVT14_AO22_0P75) pe_u/pe3/U15/A1-->X (min positive_unate) [r/f slew = 0.000568279/0.000561588, lib_range = [0.003 0.133]/[0.003 0.133] (nS)] (RC-011)
Warning: An extrapolation exceeding 80% of the library characterization range has been detected. The delay calculation accuracy may be affected. for the cell timing arc, (saed14rvt_ff0p88v125c/SAEDRVT14_AO22_0P75) pe_u/pe3/U15/A1-->X (min positive_unate) [r/f slew = 0.000568279/0.000561588, lib_range = [0.003 0.133]/[0.003 0.133] (nS)] (RC-011)
Warning: An extrapolation exceeding 80% of the library characterization range has been detected. The delay calculation accuracy may be affected. for the cell timing arc, (saed14rvt_ff0p88v125c/SAEDRVT14_AO22_0P75) pe_u/pe3/U15/A1-->X (min positive_unate) [r/f slew = 0.000568279/0.000561588, lib_range = [0.003 0.133]/[0.003 0.133] (nS)] (RC-011)
Warning: An extrapolation exceeding 80% of the library characterization range has been detected. The delay calculation accuracy may be affected. for the cell timing arc, (saed14rvt_ff0p88v125c/SAEDRVT14_AO22_0P5) pe_u/pe2/U19/A1-->X (min positive_unate) [r/f slew = 0.00057379/0.000567104, lib_range = [0.003 0.133]/[0.003 0.133] (nS)] (RC-011)
Warning: An extrapolation exceeding 80% of the library characterization range has been detected. The delay calculation accuracy may be affected. for the cell timing arc, (saed14rvt_ff0p88v125c/SAEDRVT14_AO22_0P5) pe_u/pe2/U19/A1-->X (min positive_unate) [r/f slew = 0.00057379/0.000567104, lib_range = [0.003 0.133]/[0.003 0.133] (nS)] (RC-011)
Warning: An extrapolation exceeding 80% of the library characterization range has been detected. The delay calculation accuracy may be affected. for the cell timing arc, (saed14rvt_ff0p88v125c/SAEDRVT14_AO22_0P5) pe_u/pe2/U19/A1-->X (min positive_unate) [r/f slew = 0.00057379/0.000567104, lib_range = [0.003 0.133]/[0.003 0.133] (nS)] (RC-011)
Warning: An extrapolation exceeding 80% of the library characterization range has been detected. The delay calculation accuracy may be affected. for the cell timing arc, (saed14rvt_ff0p88v125c/SAEDRVT14_AO22_0P5) pe_u/pe2/U19/A1-->X (min positive_unate) [r/f slew = 0.00057379/0.000567104, lib_range = [0.003 0.133]/[0.003 0.133] (nS)] (RC-011)
Warning: An extrapolation exceeding 80% of the library characterization range has been detected. The delay calculation accuracy may be affected. for the cell timing arc, (saed14rvt_ff0p88v125c/SAEDRVT14_ADDF_V1_0P5) pe_u/pe0/sub_46/U2_2/A-->S (max positive_unate) [r/f slew = 3.21242e-05/3.14962e-05, lib_range = [0.003 0.133]/[0.003 0.133] (nS)] (RC-011)
Warning: An extrapolation exceeding 10% of the library characterization range has been detected. The delay calculation accuracy may be affected. for the cell timing arc, (saed14rvt_ff0p88v125c/SAEDRVT14_ADDF_V1_0P5) pe_u/pe0/add_52/U1_1/A-->S (max positive_unate) [rise slew = 0.222377, lib_range = [0.003 0.133](nS)] (RC-011)
Warning: An extrapolation exceeding 10% of the library characterization range has been detected. The delay calculation accuracy may be affected. for the cell timing arc, (saed14rvt_ff0p88v125c/SAEDRVT14_ADDF_V1_0P5) pe_u/pe0/add_52/U1_1/A-->CO (max positive_unate) [rise slew = 0.222377, lib_range = [0.003 0.133](nS)] (RC-011)
Warning: An extrapolation exceeding 10% of the library characterization range has been detected. The delay calculation accuracy may be affected. for the cell timing arc, (saed14rvt_ff0p88v125c/SAEDRVT14_ADDF_V1_0P5) pe_u/pe0/add_52/U1_1/A-->S (max positive_unate) [rise slew = 0.222377, lib_range = [0.003 0.133](nS)] (RC-011)
Warning: An extrapolation exceeding 80% of the library characterization range has been detected. The delay calculation accuracy may be affected. for the cell timing arc, (saed14rvt_ff0p88v125c/SAEDRVT14_ADDF_V1_0P5) pe_u/pe0/sub_46/U2_2/A-->CO (max positive_unate) [r/f slew = 3.21242e-05/3.14962e-05, lib_range = [0.003 0.133]/[0.003 0.133] (nS)] (RC-011)
Warning: An extrapolation exceeding 80% of the library characterization range has been detected. The delay calculation accuracy may be affected. for the cell timing arc, (saed14rvt_ff0p88v125c/SAEDRVT14_ADDF_V1_0P5) pe_u/pe0/sub_46/U2_2/A-->S (min positive_unate) [r/f slew = 3.12635e-05/3.06925e-05, lib_range = [0.003 0.133]/[0.003 0.133] (nS)] (RC-011)
Warning: An extrapolation exceeding 10% of the library characterization range has been detected. The delay calculation accuracy may be affected. for the cell timing arc, (saed14rvt_ff0p88v125c/SAEDRVT14_ADDF_V1_0P5) pe_u/pe0/add_52/U1_1/A-->S (max positive_unate) [rise slew = 0.222377, lib_range = [0.003 0.133](nS)] (RC-011)
Warning: An extrapolation exceeding 10% of the library characterization range has been detected. The delay calculation accuracy may be affected. for the cell timing arc, (saed14rvt_ff0p88v125c/SAEDRVT14_ADDF_V1_0P5) pe_u/pe0/add_52/U1_1/A-->CO (max positive_unate) [rise slew = 0.222377, lib_range = [0.003 0.133](nS)] (RC-011)
Warning: An extrapolation exceeding 80% of the library characterization range has been detected. The delay calculation accuracy may be affected. for the cell timing arc, (saed14rvt_ff0p88v125c/SAEDRVT14_ADDF_V1_0P5) pe_u/pe0/sub_46/U2_2/A-->S (max positive_unate) [r/f slew = 3.21242e-05/3.14962e-05, lib_range = [0.003 0.133]/[0.003 0.133] (nS)] (RC-011)
Warning: An extrapolation exceeding 80% of the library characterization range has been detected. The delay calculation accuracy may be affected. for the cell timing arc, (saed14rvt_ff0p88v125c/SAEDRVT14_ADDF_V1_0P5) pe_u/pe0/sub_46/U2_2/A-->CO (min positive_unate) [r/f slew = 3.12635e-05/3.06925e-05, lib_range = [0.003 0.133]/[0.003 0.133] (nS)] (RC-011)
Warning: An extrapolation exceeding 10% of the library characterization range has been detected. The delay calculation accuracy may be affected. for the cell timing arc, (saed14rvt_ff0p88v125c/SAEDRVT14_ADDF_V1_0P5) pe_u/pe0/add_52/U1_1/A-->S (max negative_unate) [fall slew = 0.222377, lib_range = [0.003 0.133](nS)] (RC-011)
Warning: An extrapolation exceeding 80% of the library characterization range has been detected. The delay calculation accuracy may be affected. for the cell timing arc, (saed14rvt_ff0p88v125c/SAEDRVT14_ADDF_V1_0P5) pe_u/pe0/sub_46/U2_2/A-->S (min positive_unate) [r/f slew = 3.12635e-05/3.06925e-05, lib_range = [0.003 0.133]/[0.003 0.133] (nS)] (RC-011)
Warning: An extrapolation exceeding 10% of the library characterization range has been detected. The delay calculation accuracy may be affected. for the cell timing arc, (saed14rvt_ff0p88v125c/SAEDRVT14_ADDF_V1_0P5) pe_u/pe0/add_52/U1_1/A-->CO (max positive_unate) [rise slew = 0.222377, lib_range = [0.003 0.133](nS)] (RC-011)
Warning: An extrapolation exceeding 10% of the library characterization range has been detected. The delay calculation accuracy may be affected. for the cell timing arc, (saed14rvt_ff0p88v125c/SAEDRVT14_ADDF_V1_0P5) pe_u/pe0/add_52/U1_1/A-->S (max negative_unate) [fall slew = 0.222377, lib_range = [0.003 0.133](nS)] (RC-011)
Warning: An extrapolation exceeding 80% of the library characterization range has been detected. The delay calculation accuracy may be affected. for the cell timing arc, (saed14rvt_ff0p88v125c/SAEDRVT14_ADDF_V1_0P5) pe_u/pe0/sub_46/U2_2/A-->S (max positive_unate) [r/f slew = 3.21242e-05/3.14962e-05, lib_range = [0.003 0.133]/[0.003 0.133] (nS)] (RC-011)
Warning: An extrapolation exceeding 80% of the library characterization range has been detected. The delay calculation accuracy may be affected. for the cell timing arc, (saed14rvt_ff0p88v125c/SAEDRVT14_ADDF_V1_0P5) pe_u/pe0/sub_46/U2_2/A-->CO (max positive_unate) [r/f slew = 3.21242e-05/3.14962e-05, lib_range = [0.003 0.133]/[0.003 0.133] (nS)] (RC-011)
Warning: An extrapolation exceeding 10% of the library characterization range has been detected. The delay calculation accuracy may be affected. for the cell timing arc, (saed14rvt_ff0p88v125c/SAEDRVT14_ADDF_V1_0P5) pe_u/pe0/add_52/U1_1/A-->S (max negative_unate) [fall slew = 0.222377, lib_range = [0.003 0.133](nS)] (RC-011)
****************************************
Report : timing
	-path_type full
	-delay_type max
	-max_paths 1
	-sort_by slack
Design : top
Version: S-2021.06-SP4
Date   : Wed Dec 10 13:03:06 2025
****************************************


  Startpoint: ctl_u/count_reg[3]
               (rising edge-triggered flip-flop clocked by ideal_clock1)
  Endpoint: comp_u/motionY_reg[0]
               (rising edge-triggered flip-flop clocked by ideal_clock1)
  Last common pin: clock
  Path Group: ideal_clock1
  Path Type: max

  Point                                                   Incr       Path
  ------------------------------------------------------------------------------
  clock ideal_clock1 (rise edge)                          0.00       0.00
  clock network delay (propagated)                        0.00       0.00
  ctl_u/count_reg[3]/CK (SAEDRVT14_FSDPQ_V2LP_0P5)        0.00       0.00 r
  ctl_u/count_reg[3]/Q (SAEDRVT14_FSDPQ_V2LP_0P5)         0.07 &     0.07 r
  ctl_u/U76/X (SAEDRVT14_INV_S_0P5)                       0.05 &     0.13 f
  ctl_u/U64/X (SAEDHVT14_ND2_MM_0P5)                      0.05 &     0.18 r
  ctl_u/U63/X (SAEDRVT14_INV_S_0P5)                       0.03 &     0.20 f
  ctl_u/U56/X (SAEDHVT14_ND2_MM_0P5)                      0.04 &     0.24 r
  ctl_u/U55/X (SAEDRVT14_INV_S_0P5)                       0.02 &     0.26 f
  ctl_u/U54/X (SAEDRVT14_AN3_0P5)                         0.03 &     0.29 f
  ctl_u/U50/X (SAEDRVT14_AN2_MM_0P5)                      0.02 &     0.31 f
  comp_u/U12/X (SAEDRVT14_NR2_1)                          0.02 &     0.33 r
  comp_u/U26/X (SAEDRVT14_ND2B_U_0P5)                     0.04 &     0.38 f
  comp_u/U20/X (SAEDRVT14_AO21B_0P5)                      0.02 &     0.39 r
  comp_u/U17/X (SAEDRVT14_AO221_0P5)                      0.02 &     0.41 r
  comp_u/U36/X (SAEDRVT14_OAI21_0P5)                      0.01 &     0.42 f
  comp_u/U28/X (SAEDRVT14_AO21B_0P5)                      0.01 &     0.43 r
  comp_u/U27/X (SAEDRVT14_AO221_0P5)                      0.02 &     0.45 r
  comp_u/U21/X (SAEDRVT14_OA21B_1)                        0.02 &     0.47 r
  comp_u/U64/X (SAEDRVT14_AO221_0P5)                      0.02 &     0.48 r
  comp_u/U16/X (SAEDRVT14_OR2B_PSECO_1)                   0.01 &     0.49 r
  comp_u/ctmTdsLR_1_14/X (SAEDRVT14_AO22_0P5)             0.01 &     0.51 r
  comp_u/ctmTdsLR_2_30_roptpi_2638/X (SAEDLVT14_OA22_U_0P5)
                                                          0.01 &     0.52 r
  comp_u/ctmTdsLR_2_2616/X (SAEDRVT14_OA21_U_0P5)         0.01 &     0.53 r
  comp_u/ctmTdsLR_1_2615/X (SAEDRVT14_OA21_U_0P5)         0.01 &     0.54 r
  comp_u/ctmTdsLR_2_60/X (SAEDRVT14_AO221_0P5)            0.01 &     0.55 r
  comp_u/U150/X (SAEDRVT14_OAI21_0P5)                     0.01 &     0.56 f
  comp_u/ctmTdsLR_1_66/X (SAEDRVT14_AO21B_0P5)            0.01 &     0.56 r
  comp_u/U37/X (SAEDRVT14_OAI21_0P5)                      0.01 &     0.57 f
  comp_u/U151/X (SAEDRVT14_OAI311_0P5)                    0.06 &     0.63 r
  comp_u/U132/X (SAEDRVT14_INV_0P5)                       0.07 &     0.70 f
  comp_u/U8/X (SAEDRVT14_AO22_0P75)                       0.02 &     0.72 f
  comp_u/motionY_reg[0]/D (SAEDRVT14_FDP_V2LP_1)          0.00 &     0.72 f
  data arrival time                                                  0.72

  clock ideal_clock1 (rise edge)                          3.80       3.80
  clock network delay (propagated)                        0.01       3.81
  clock reconvergence pessimism                           0.00       3.81
  comp_u/motionY_reg[0]/CK (SAEDRVT14_FDP_V2LP_1)                    3.81 r
  library setup time                                     -0.01       3.81
  data required time                                                 3.81
  ------------------------------------------------------------------------------
  data required time                                                 3.81
  data arrival time                                                 -0.72
  ------------------------------------------------------------------------------
  slack (MET)                                                        3.08


1
