 
****************************************
Report : cell
Design : top
Version: O-2018.06-SP4
Date   : Wed Dec  3 15:59:42 2025
****************************************

Attributes:
    b - black box (unknown)
    h - hierarchical
    n - noncombinational
    r - removable
    u - contains unmapped logic

Cell                      Reference       Library             Area  Attributes
--------------------------------------------------------------------------------
U1                        SAEDSLVT14_TIE1_4
                                          saed14slvt_ff0p88v125c
                                                          0.399600  
U2                        SAEDSLVT14_TIE0_V1_2
                                          saed14slvt_ff0p88v125c
                                                          0.488400  
comp_u                    Comparator                      79.786801 h, n
ctl_u                     control                         64.824000 h, n
pe_u                      PEtotal                         743.788790
                                                                    h, n
--------------------------------------------------------------------------------
Total 5 cells                                             889.287590
1
